#-----------------------------------------------------------
# Vivado v2024.1 (64-bit)
# SW Build 5076996 on Wed May 22 18:37:14 MDT 2024
# IP Build 5075265 on Wed May 22 21:45:21 MDT 2024
# SharedData Build 5076995 on Wed May 22 18:29:18 MDT 2024
# Start of session at: Fri Dec 20 04:41:53 2024
# Process ID: 9472
# Current directory: D:/chenm/nycu/DCL/Lab/FP_finalversion/Lab10
# Command line: vivado.exe -gui_launcher_event rodinguilauncherevent18568 D:\chenm\nycu\DCL\Lab\FP_finalversion\Lab10\lab10.xpr
# Log file: D:/chenm/nycu/DCL/Lab/FP_finalversion/Lab10/vivado.log
# Journal file: D:/chenm/nycu/DCL/Lab/FP_finalversion/Lab10\vivado.jou
# Running On        :MSI
# Platform          :Windows Server 2016 or Windows 10
# Operating System  :22631
# Processor Detail  :Intel(R) Core(TM) i7-10750H CPU @ 2.60GHz
# CPU Frequency     :2592 MHz
# CPU Physical cores:6
# CPU Logical cores :12
# Host memory       :8403 MB
# Swap memory       :19327 MB
# Total Virtual     :27730 MB
# Available Virtual :18197 MB
#-----------------------------------------------------------
start_gui
open_project D:/chenm/nycu/DCL/Lab/FP_finalversion/Lab10/lab10.xpr
update_compile_order -fileset sources_1
reset_run synth_1
launch_runs impl_1 -to_step write_bitstream -jobs 12
wait_on_run impl_1
reset_run synth_1
